// Jest Snapshot v1, https://goo.gl/fbAQLP

exports[`ShopProduct component should match snapshot 1`] = `
<body>
  <div>
    <div
      class="w-full flex flex-wrap gap-4 max-w-screen-lg mx-auto mb-36 lg:mb-0"
    >
      <div
        class="basis-full md:basis-1/2 pt-4 px-4 flex flex-col"
      >
        <h1
          class="font-serif text-2xl font-bold mb-2"
        >
          T Shirt
        </h1>
        <p
          class="text-lg font-bold mb-2"
        >
          Short description 1
        </p>
        <div
          class="fixed inset-x-0 mx-auto p-4 lg:relative lg:inset-auto lg:mx-0 lg:p-0 bg-white bottom-0 z-30 w-screen lg:bg-inherit lg:bottom-auto lg:z-auto lg:w-auto"
        />
      </div>
      <div
        class="w-full px-4"
        data-orientation="horizontal"
        dir="ltr"
      >
        <div
          aria-orientation="horizontal"
          class="inline-flex h-9 items-center justify-center rounded-lg bg-muted p-1 text-muted-foreground w-full md:w-auto"
          data-orientation="horizontal"
          role="tablist"
          style="outline: none;"
          tabindex="0"
        >
          <button
            aria-controls="radix-:r4:-content-description"
            aria-selected="true"
            class="inline-flex items-center justify-center whitespace-nowrap rounded-md px-3 py-1 text-sm font-medium ring-offset-background transition-all focus-visible:outline-none focus-visible:ring-2 focus-visible:ring-ring focus-visible:ring-offset-2 disabled:pointer-events-none disabled:opacity-50 data-[state=active]:bg-background data-[state=active]:text-foreground data-[state=active]:shadow"
            data-orientation="horizontal"
            data-radix-collection-item=""
            data-state="active"
            id="radix-:r4:-trigger-description"
            role="tab"
            tabindex="-1"
            type="button"
          >
            Description
          </button>
          <button
            aria-controls="radix-:r4:-content-attributes"
            aria-selected="false"
            class="inline-flex items-center justify-center whitespace-nowrap rounded-md px-3 py-1 text-sm font-medium ring-offset-background transition-all focus-visible:outline-none focus-visible:ring-2 focus-visible:ring-ring focus-visible:ring-offset-2 disabled:pointer-events-none disabled:opacity-50 data-[state=active]:bg-background data-[state=active]:text-foreground data-[state=active]:shadow"
            data-orientation="horizontal"
            data-radix-collection-item=""
            data-state="inactive"
            id="radix-:r4:-trigger-attributes"
            role="tab"
            tabindex="-1"
            type="button"
          >
            Attributes
          </button>
          <button
            aria-controls="radix-:r4:-content-reviews"
            aria-selected="false"
            class="inline-flex items-center justify-center whitespace-nowrap rounded-md px-3 py-1 text-sm font-medium ring-offset-background transition-all focus-visible:outline-none focus-visible:ring-2 focus-visible:ring-ring focus-visible:ring-offset-2 disabled:pointer-events-none disabled:opacity-50 data-[state=active]:bg-background data-[state=active]:text-foreground data-[state=active]:shadow"
            data-orientation="horizontal"
            data-radix-collection-item=""
            data-state="inactive"
            id="radix-:r4:-trigger-reviews"
            role="tab"
            tabindex="-1"
            type="button"
          >
            Reviews
          </button>
        </div>
        <div
          aria-labelledby="radix-:r4:-trigger-description"
          class="mt-2 ring-offset-background focus-visible:outline-none focus-visible:ring-2 focus-visible:ring-ring focus-visible:ring-offset-2"
          data-orientation="horizontal"
          data-state="active"
          id="radix-:r4:-content-description"
          role="tabpanel"
          style="animation-duration: 0s;"
          tabindex="0"
        >
          <div>
            Description 1
          </div>
        </div>
        <div
          aria-labelledby="radix-:r4:-trigger-attributes"
          class="mt-2 ring-offset-background focus-visible:outline-none focus-visible:ring-2 focus-visible:ring-ring focus-visible:ring-offset-2"
          data-orientation="horizontal"
          data-state="inactive"
          hidden=""
          id="radix-:r4:-content-attributes"
          role="tabpanel"
          tabindex="0"
        />
        <div
          aria-labelledby="radix-:r4:-trigger-reviews"
          class="mt-2 ring-offset-background focus-visible:outline-none focus-visible:ring-2 focus-visible:ring-ring focus-visible:ring-offset-2"
          data-orientation="horizontal"
          data-state="inactive"
          hidden=""
          id="radix-:r4:-content-reviews"
          role="tabpanel"
          tabindex="0"
        />
      </div>
    </div>
  </div>
</body>
`;
